	 We are learning Output Redirection 	


Sunday 04 October 2026 06:40:01 PM IST
/home/oingale/linux_script/redirection
/home/oingale
ls: cannot access '/home/mandar': No such file or directory
	 We are learning Output Redirection 	


Sunday 04 October 2026 06:41:01 PM IST
/home/oingale/linux_script/redirection
/home/oingale
ls: cannot access '/home/mandar': No such file or directory
	 We are learning Output Redirection 	


Sunday 04 October 2026 06:42:01 PM IST
/home/oingale/linux_script/redirection
/home/oingale
ls: cannot access '/home/mandar': No such file or directory
	 We are learning Output Redirection 	


Sunday 04 October 2026 06:43:02 PM IST
/home/oingale/linux_script/redirection
/home/oingale
ls: cannot access '/home/mandar': No such file or directory
	 We are learning Output Redirection 	


Sunday 04 October 2026 06:44:01 PM IST
/home/oingale/linux_script/redirection
/home/oingale
ls: cannot access '/home/mandar': No such file or directory
	 We are learning Output Redirection 	


Sunday 04 October 2026 06:45:01 PM IST
/home/oingale/linux_script/redirection
/home/oingale
ls: cannot access '/home/mandar': No such file or directory
	 We are learning Output Redirection 	


Sunday 04 October 2026 06:46:01 PM IST
/home/oingale/linux_script/redirection
/home/oingale
ls: cannot access '/home/mandar': No such file or directory
	 We are learning Output Redirection 	


Sunday 04 October 2026 06:47:01 PM IST
/home/oingale/linux_script/redirection
/home/oingale
ls: cannot access '/home/mandar': No such file or directory
	 We are learning Output Redirection 	


Sunday 04 October 2026 06:48:01 PM IST
/home/oingale/linux_script/redirection
/home/oingale
ls: cannot access '/home/mandar': No such file or directory
	 We are learning Output Redirection 	


Sunday 04 October 2026 06:49:01 PM IST
/home/oingale/linux_script/redirection
/home/oingale
ls: cannot access '/home/mandar': No such file or directory
	 We are learning Output Redirection 	


Sunday 04 October 2026 06:50:01 PM IST
/home/oingale/linux_script/redirection
/home/oingale
ls: cannot access '/home/mandar': No such file or directory
	 We are learning Output Redirection 	


Sunday 04 October 2026 06:51:01 PM IST
/home/oingale/linux_script/redirection
/home/oingale
ls: cannot access '/home/mandar': No such file or directory
	 We are learning Output Redirection 	


Sunday 04 October 2026 06:52:01 PM IST
/home/oingale/linux_script/redirection
/home/oingale
ls: cannot access '/home/mandar': No such file or directory
	 We are learning Output Redirection 	


Sunday 04 October 2026 06:53:01 PM IST
/home/oingale/linux_script/redirection
/home/oingale
ls: cannot access '/home/mandar': No such file or directory
	 We are learning Output Redirection 	


Sunday 04 October 2026 06:54:01 PM IST
/home/oingale/linux_script/redirection
/home/oingale
ls: cannot access '/home/mandar': No such file or directory
	 We are learning Output Redirection 	


Sunday 04 October 2026 06:55:01 PM IST
/home/oingale/linux_script/redirection
/home/oingale
ls: cannot access '/home/mandar': No such file or directory
	 We are learning Output Redirection 	


Sunday 04 October 2026 06:56:01 PM IST
/home/oingale/linux_script/redirection
/home/oingale
ls: cannot access '/home/mandar': No such file or directory
	 We are learning Output Redirection 	


Sunday 04 October 2026 06:57:01 PM IST
/home/oingale/linux_script/redirection
/home/oingale
ls: cannot access '/home/mandar': No such file or directory
	 We are learning Output Redirection 	


Sunday 04 October 2026 06:58:01 PM IST
/home/oingale/linux_script/redirection
/home/oingale
ls: cannot access '/home/mandar': No such file or directory
	 We are learning Output Redirection 	


Sunday 04 October 2026 06:59:01 PM IST
/home/oingale/linux_script/redirection
/home/oingale
ls: cannot access '/home/mandar': No such file or directory
	 We are learning Output Redirection 	


Sunday 04 October 2026 07:00:01 PM IST
/home/oingale/linux_script/redirection
/home/oingale
ls: cannot access '/home/mandar': No such file or directory
	 We are learning Output Redirection 	


Sunday 04 October 2026 07:01:01 PM IST
/home/oingale/linux_script/redirection
/home/oingale
ls: cannot access '/home/mandar': No such file or directory
	 We are learning Output Redirection 	


Sunday 04 October 2026 07:02:01 PM IST
/home/oingale/linux_script/redirection
/home/oingale
ls: cannot access '/home/mandar': No such file or directory
	 We are learning Output Redirection 	


Sunday 04 October 2026 07:03:01 PM IST
/home/oingale/linux_script/redirection
/home/oingale
ls: cannot access '/home/mandar': No such file or directory
	 We are learning Output Redirection 	


Sunday 04 October 2026 07:04:01 PM IST
/home/oingale/linux_script/redirection
/home/oingale
ls: cannot access '/home/mandar': No such file or directory
	 We are learning Output Redirection 	


Sunday 04 October 2026 07:05:01 PM IST
/home/oingale/linux_script/redirection
/home/oingale
ls: cannot access '/home/mandar': No such file or directory
